[![Runbot Status](https://runbot.odoo-community.org/runbot/badge/flat/${REPO_ID}/${BRANCH_NAME}.svg)](https://runbot.odoo-community.org/runbot/repo/github-com-oca-${REPO_NAME}-${REPO_ID})
[![Build Status](https://travis-ci.org/OCA/${REPO_NAME}.svg?branch=${BRANCH_NAME})](https://travis-ci.org/OCA/${REPO_NAME})
[![Coverage Status](https://coveralls.io/repos/OCA/${REPO_NAME}/badge.svg?branch=${BRANCH_NAME})](https://coveralls.io/r/OCA/${REPO_NAME}?branch=${BRANCH_NAME})
[![Code Climate](https://codeclimate.com/github/OCA/${REPO_NAME}/badges/gpa.svg)](https://codeclimate.com/github/OCA/${REPO_NAME})

# ${REPO_NAME_VERBOSE}

${REPO_DESCRIPTION}

[//]: # (addons)
Available addons
----------------
addon | version | summary
--- | --- | ---
[module1](module1/) | 8.0.1.0.0 | Module 1 summary

Unported addons
---------------
addon | version | summary
--- | --- | ---
[module3](__unported__/module3/) | 8.0.1.0.0 (unported) | Module 3 summary
[module2](module2/) | 8.0.1.0.0 (unported) | Module 2 summary

[//]: # (end addons)

Translation Status
------------------
[![Transifex Status](https://www.transifex.com/projects/p/${ORG_NAME}-${REPO_NAME}-${BRANCH_NAME_WITH_DASH}/chart/image_png)](https://www.transifex.com/projects/p/${ORG_NAME}-${REPO_NAME}-${BRANCH_NAME_WITH_DASH})
